LEVEL TERAKHIR :)
17 x 13
|||||||||||||||||
77777777777777777
7*3.b.D.b.O.4dd 7
7 3.b.g.b.f.4b.b7
7 3.b. (b.f.4b.b7
7 3.b.b.b.b.4b.b7
7  ( .b.f.b( b.b7
7b3.b.b.b.b.4b.f7
7b3.b.b.d.b.4b.b7
7b3.b.b.b.b.4b.b7
7b3.b.b.b.b.4b.b7
7b3.L( .P( .4b. _
77777777777777777