BAGUS ANDA DAPAT MENEMPUH LEVEL 1 LANJUTKAN!!
17 x 13
|||||||||||||||||
33333333333333333
3*           O f3
333333 333333  33
3/////)//////))/3
3A            Pg3
33333333  3333333
3           3b 33
3333333333  3b  X
3I          3b  3
3   3bbbb3  33  3
3ffU3bbbb3      3
33333333333333333